\BOOKMARK [0][-]{chapter*.3}{\376\377\000D\000e\000c\000l\000a\000r\000a\000t\000i\000o\000n}{}% 1
\BOOKMARK [0][-]{chapter*.4}{\376\377\000A\000c\000k\000n\000o\000w\000l\000e\000d\000g\000e\000m\000e\000n\000t\000s}{}% 2
\BOOKMARK [0][-]{chapter*.5}{\376\377\000A\000b\000s\000t\000r\000a\000c\000t}{}% 3
\BOOKMARK [0][-]{chapter.1}{\376\377\000I\000n\000t\000r\000o\000d\000u\000c\000t\000i\000o\000n}{}% 4
\BOOKMARK [1][-]{section.1.1}{\376\377\000M\000o\000t\000i\000v\000a\000t\000i\000o\000n\000s}{chapter.1}% 5
\BOOKMARK [1][-]{section.1.2}{\376\377\000P\000r\000o\000b\000l\000e\000m\000\040\000s\000t\000a\000t\000e\000m\000e\000n\000t}{chapter.1}% 6
\BOOKMARK [1][-]{section.1.3}{\376\377\000S\000c\000o\000p\000e}{chapter.1}% 7
\BOOKMARK [1][-]{section.1.4}{\376\377\000O\000b\000j\000e\000c\000t\000i\000v\000e}{chapter.1}% 8
\BOOKMARK [1][-]{section.1.5}{\376\377\000S\000t\000r\000u\000c\000t\000u\000r\000e\000\040\000o\000f\000\040\000t\000h\000e\000\040\000r\000e\000p\000o\000r\000t}{chapter.1}% 9
\BOOKMARK [0][-]{chapter.2}{\376\377\000P\000r\000e\000l\000i\000m\000i\000n\000a\000r\000i\000e\000s}{}% 10
\BOOKMARK [1][-]{section.2.1}{\376\377\000R\000e\000t\000r\000i\000e\000v\000e\000r}{chapter.2}% 11
\BOOKMARK [2][-]{subsection.2.1.1}{\376\377\000P\000r\000e\000p\000r\000o\000c\000e\000s\000s\000i\000n\000g}{section.2.1}% 12
\BOOKMARK [2][-]{subsection.2.1.2}{\376\377\000E\000m\000b\000e\000d\000d\000i\000n\000g}{section.2.1}% 13
\BOOKMARK [2][-]{subsection.2.1.3}{\376\377\000H\000i\000e\000r\000a\000r\000c\000h\000i\000c\000a\000l\000\040\000n\000a\000v\000i\000g\000a\000b\000l\000e\000\040\000s\000m\000a\000l\000l\000\040\000w\000o\000r\000l\000d\000\040\000i\000n\000d\000e\000x\000i\000n\000g}{section.2.1}% 14
\BOOKMARK [2][-]{subsection.2.1.4}{\376\377\000P\000r\000e\000-\000r\000e\000t\000r\000i\000e\000v\000a\000l}{section.2.1}% 15
\BOOKMARK [2][-]{subsection.2.1.5}{\376\377\000R\000e\000t\000r\000i\000e\000v\000a\000l}{section.2.1}% 16
\BOOKMARK [2][-]{subsection.2.1.6}{\376\377\000P\000o\000s\000t\000-\000r\000e\000t\000r\000i\000e\000v\000a\000l}{section.2.1}% 17
\BOOKMARK [1][-]{section.2.2}{\376\377\000G\000e\000n\000e\000r\000a\000t\000o\000r}{chapter.2}% 18
\BOOKMARK [2][-]{subsection.2.2.1}{\376\377\000T\000r\000a\000n\000s\000f\000o\000r\000m\000e\000r\000\040\000a\000r\000c\000h\000i\000t\000e\000c\000t\000u\000r\000e}{section.2.2}% 19
\BOOKMARK [2][-]{subsection.2.2.2}{\376\377\000P\000r\000o\000m\000p\000t\000\040\000e\000n\000g\000i\000n\000e\000e\000r\000i\000n\000g}{section.2.2}% 20
\BOOKMARK [1][-]{section.2.3}{\376\377\000A\000u\000g\000m\000e\000n\000t\000a\000t\000i\000o\000n\000\040\000m\000e\000t\000h\000o\000d\000s}{chapter.2}% 21
\BOOKMARK [2][-]{subsection.2.3.1}{\376\377\000A\000u\000g\000m\000e\000n\000t\000a\000t\000i\000o\000n\000\040\000s\000t\000a\000g\000e\000\040\000-\000\040\000I\000n\000f\000e\000r\000e\000n\000c\000e}{section.2.3}% 22
\BOOKMARK [2][-]{subsection.2.3.2}{\376\377\000A\000u\000g\000m\000e\000n\000t\000a\000t\000i\000o\000n\000\040\000s\000o\000u\000r\000c\000e\000\040\000-\000\040\000S\000t\000r\000u\000c\000t\000u\000r\000e\000d\000\040\000d\000a\000t\000a}{section.2.3}% 23
\BOOKMARK [2][-]{subsection.2.3.3}{\376\377\000A\000u\000g\000m\000e\000n\000t\000a\000t\000i\000o\000n\000\040\000p\000r\000o\000c\000e\000s\000s}{section.2.3}% 24
\BOOKMARK [0][-]{chapter.3}{\376\377\000R\000e\000l\000a\000t\000e\000d\000\040\000w\000o\000r\000k\000s\000\040\000a\000n\000d\000\040\000t\000o\000o\000l\000s}{}% 25
\BOOKMARK [1][-]{section.3.1}{\376\377\000R\000A\000G\000\040\000a\000n\000d\000\040\000L\000L\000M\000s\000\040\000i\000n\000\040\000c\000o\000d\000i\000n\000g\000\040\000t\000a\000s\000k\000s}{chapter.3}% 26
\BOOKMARK [2][-]{subsection.3.1.1}{\376\377\000R\000e\000t\000r\000i\000e\000v\000a\000l\000\040\000s\000t\000r\000a\000t\000e\000g\000i\000e\000s}{section.3.1}% 27
\BOOKMARK [2][-]{subsection.3.1.2}{\376\377\000G\000e\000n\000e\000r\000a\000t\000i\000v\000e\000\040\000e\000n\000h\000a\000n\000c\000e\000m\000e\000n\000t\000s}{section.3.1}% 28
\BOOKMARK [2][-]{subsection.3.1.3}{\376\377\000S\000p\000e\000c\000i\000a\000l\000i\000z\000e\000d\000\040\000a\000p\000p\000l\000i\000c\000a\000t\000i\000o\000n\000s}{section.3.1}% 29
\BOOKMARK [1][-]{section.3.2}{\376\377\000D\000e\000v\000e\000l\000o\000p\000e\000r\000\040\000a\000s\000s\000i\000s\000t\000a\000n\000c\000e\000\040\000t\000o\000o\000l\000s}{chapter.3}% 30
\BOOKMARK [2][-]{subsection.3.2.1}{\376\377\000F\000u\000n\000c\000t\000i\000o\000n\000a\000l\000i\000t\000y}{section.3.2}% 31
\BOOKMARK [2][-]{subsection.3.2.2}{\376\377\000R\000e\000t\000r\000i\000e\000v\000a\000l\000\040\000m\000e\000c\000h\000a\000n\000i\000s\000m\000s}{section.3.2}% 32
\BOOKMARK [2][-]{subsection.3.2.3}{\376\377\000C\000o\000d\000e\000\040\000g\000e\000n\000e\000r\000a\000t\000i\000o\000n\000\040\000c\000a\000p\000a\000b\000i\000l\000i\000t\000i\000e\000s}{section.3.2}% 33
\BOOKMARK [2][-]{subsection.3.2.4}{\376\377\000I\000n\000t\000e\000g\000r\000a\000t\000i\000o\000n\000\040\000i\000n\000\040\000d\000e\000v\000e\000l\000o\000p\000m\000e\000n\000t\000\040\000p\000r\000o\000c\000e\000s\000s\000e\000s}{section.3.2}% 34
\BOOKMARK [0][-]{chapter.4}{\376\377\000P\000r\000o\000p\000o\000s\000e\000d\000\040\000s\000o\000l\000u\000t\000i\000o\000n}{}% 35
\BOOKMARK [1][-]{section.4.1}{\376\377\000F\000i\000n\000e\000-\000t\000u\000n\000i\000n\000g\000\040\000v\000s\000.\000\040\000R\000A\000G}{chapter.4}% 36
\BOOKMARK [2][-]{subsection.4.1.1}{\376\377\000F\000i\000n\000e\000-\000t\000u\000n\000i\000n\000g}{section.4.1}% 37
\BOOKMARK [2][-]{subsection.4.1.2}{\376\377\000C\000o\000m\000p\000a\000r\000i\000s\000o\000n\000\040\000b\000e\000t\000w\000e\000e\000n\000\040\000f\000i\000n\000e\000-\000t\000u\000n\000i\000n\000g\000\040\000a\000n\000d\000\040\000R\000A\000G}{section.4.1}% 38
\BOOKMARK [2][-]{subsection.4.1.3}{\376\377\000R\000a\000t\000i\000o\000n\000a\000l\000e\000\040\000f\000o\000r\000\040\000c\000h\000o\000o\000s\000i\000n\000g\000\040\000R\000A\000G}{section.4.1}% 39
\BOOKMARK [1][-]{section.4.2}{\376\377\000M\000a\000i\000n\000\040\000a\000r\000c\000h\000i\000t\000e\000c\000t\000u\000r\000e}{chapter.4}% 40
\BOOKMARK [1][-]{section.4.3}{\376\377\000W\000h\000y\000\040\000M\000i\000l\000v\000u\000s\000?}{chapter.4}% 41
\BOOKMARK [1][-]{section.4.4}{\376\377\000W\000h\000y\000\040\000B\000G\000E\000-\000M\0003\000?}{chapter.4}% 42
\BOOKMARK [1][-]{section.4.5}{\376\377\000W\000h\000y\000\040\000O\000l\000l\000a\000m\000a\000?}{chapter.4}% 43
\BOOKMARK [1][-]{section.4.6}{\376\377\000W\000h\000y\000\040\000D\000o\000c\000k\000e\000r\000?}{chapter.4}% 44
\BOOKMARK [1][-]{section.4.7}{\376\377\000W\000h\000y\000\040\000V\000S\000\040\000C\000o\000d\000e\000\040\000e\000x\000t\000e\000n\000s\000i\000o\000n\000?}{chapter.4}% 45
\BOOKMARK [0][-]{chapter.5}{\376\377\000I\000m\000p\000l\000e\000m\000e\000n\000t\000a\000t\000i\000o\000n}{}% 46
\BOOKMARK [1][-]{section.5.1}{\376\377\000D\000a\000t\000a\000b\000a\000s\000e}{chapter.5}% 47
\BOOKMARK [2][-]{subsection.5.1.1}{\376\377\000D\000a\000t\000a\000\040\000p\000r\000e\000p\000a\000r\000a\000t\000i\000o\000n}{section.5.1}% 48
\BOOKMARK [2][-]{subsection.5.1.2}{\376\377\000D\000a\000t\000a\000\040\000p\000r\000e\000p\000r\000o\000c\000e\000s\000s\000i\000n\000g}{section.5.1}% 49
\BOOKMARK [2][-]{subsection.5.1.3}{\376\377\000D\000a\000t\000a\000b\000a\000s\000e\000\040\000d\000e\000s\000i\000g\000n}{section.5.1}% 50
\BOOKMARK [2][-]{subsection.5.1.4}{\376\377\000D\000a\000t\000a\000b\000a\000s\000e\000\040\000s\000e\000t\000u\000p}{section.5.1}% 51
\BOOKMARK [2][-]{subsection.5.1.5}{\376\377\000D\000a\000t\000a\000b\000a\000s\000e\000\040\000A\000P\000I}{section.5.1}% 52
\BOOKMARK [1][-]{section.5.2}{\376\377\000R\000A\000G\000G\000I\000N\000\040\000c\000o\000r\000e\000\040\000s\000e\000r\000v\000i\000c\000e\000s}{chapter.5}% 53
\BOOKMARK [2][-]{subsection.5.2.1}{\376\377\000R\000e\000t\000r\000i\000e\000v\000e\000r}{section.5.2}% 54
\BOOKMARK [2][-]{subsection.5.2.2}{\376\377\000G\000e\000n\000e\000r\000a\000t\000o\000r}{section.5.2}% 55
\BOOKMARK [1][-]{section.5.3}{\376\377\000V\000S\000\040\000C\000o\000d\000e\000\040\000e\000x\000t\000e\000n\000s\000i\000o\000n}{chapter.5}% 56
\BOOKMARK [2][-]{subsection.5.3.1}{\376\377\000I\000n\000t\000i\000a\000l\000i\000z\000e\000\040\000R\000A\000G\000G\000I\000N\000\040\000c\000o\000d\000e\000b\000a\000s\000e}{section.5.3}% 57
\BOOKMARK [2][-]{subsection.5.3.2}{\376\377\000V\000S\000\040\000C\000o\000d\000e\000\040\000e\000x\000t\000e\000n\000s\000i\000o\000n\000\040\000w\000e\000b\000v\000i\000e\000w\000\040\000c\000o\000m\000m\000u\000n\000i\000c\000a\000t\000i\000o\000n}{section.5.3}% 58
\BOOKMARK [2][-]{subsection.5.3.3}{\376\377\000S\000t\000o\000r\000i\000n\000g\000\040\000u\000s\000e\000r\000\040\000c\000h\000a\000t\000\040\000d\000a\000t\000a}{section.5.3}% 59
\BOOKMARK [2][-]{subsection.5.3.4}{\376\377\000O\000p\000t\000i\000m\000i\000z\000i\000n\000g\000\040\000c\000h\000a\000t\000\040\000c\000o\000n\000t\000e\000x\000t\000\040\000f\000o\000r\000\040\000L\000L\000M\000\040\000i\000n\000p\000u\000t}{section.5.3}% 60
\BOOKMARK [0][-]{chapter.6}{\376\377\000E\000v\000a\000l\000u\000a\000t\000i\000o\000n\000\040\000a\000n\000d\000\040\000t\000e\000s\000t\000i\000n\000g}{}% 61
\BOOKMARK [1][-]{section.6.1}{\376\377\000E\000v\000a\000l\000u\000a\000t\000i\000o\000n\000\040\000m\000e\000t\000h\000o\000d\000o\000l\000o\000g\000y}{chapter.6}% 62
\BOOKMARK [1][-]{section.6.2}{\376\377\000E\000v\000a\000l\000u\000a\000t\000i\000o\000n\000\040\000m\000e\000t\000r\000i\000c\000s}{chapter.6}% 63
\BOOKMARK [2][-]{subsection.6.2.1}{\376\377\000R\000e\000t\000r\000i\000e\000v\000e\000r\000\040\000m\000e\000t\000r\000i\000c\000s}{section.6.2}% 64
\BOOKMARK [2][-]{subsection.6.2.2}{\376\377\000G\000e\000n\000e\000r\000a\000t\000o\000r\000\040\000m\000e\000t\000r\000i\000c\000s}{section.6.2}% 65
\BOOKMARK [1][-]{section.6.3}{\376\377\000E\000v\000a\000l\000u\000a\000t\000i\000o\000n\000\040\000s\000u\000m\000m\000a\000r\000y}{chapter.6}% 66
\BOOKMARK [1][-]{section.6.4}{\376\377\000T\000e\000s\000t\000i\000n\000g}{chapter.6}% 67
\BOOKMARK [0][-]{chapter.7}{\376\377\000C\000o\000n\000c\000l\000u\000s\000i\000o\000n}{}% 68
\BOOKMARK [1][-]{section.7.1}{\376\377\000A\000c\000h\000i\000e\000v\000e\000d\000\040\000r\000e\000s\000u\000l\000t\000s}{chapter.7}% 69
\BOOKMARK [1][-]{section.7.2}{\376\377\000L\000i\000m\000i\000t\000a\000t\000i\000o\000n\000s}{chapter.7}% 70
\BOOKMARK [1][-]{section.7.3}{\376\377\000F\000u\000t\000u\000r\000e\000\040\000d\000e\000v\000e\000l\000o\000p\000m\000e\000n\000t\000\040\000d\000i\000r\000e\000c\000t\000i\000o\000n\000s}{chapter.7}% 71
\BOOKMARK [0][-]{chapter*.103}{\376\377\000B\000i\000b\000l\000i\000o\000g\000r\000a\000p\000h\000y}{}% 72
\BOOKMARK [0][-]{section*.104}{\376\377\000A\000p\000p\000e\000n\000d\000i\000c\000e\000s}{}% 73
\BOOKMARK [0][-]{appendix.1.A}{\376\377\000I\000n\000t\000e\000r\000f\000a\000c\000e\000\040\000o\000f\000\040\000t\000h\000e\000\040\000R\000A\000G\000G\000I\000N\000\040\000e\000x\000t\000e\000n\000s\000i\000o\000n}{}% 74
\BOOKMARK [0][-]{appendix.1.B}{\376\377\000E\000v\000a\000l\000u\000a\000t\000i\000o\000n\000\040\000a\000n\000d\000\040\000t\000e\000s\000t\000i\000n\000g\000\040\000r\000e\000s\000u\000l\000t\000s}{}% 75
